
> mantine-analytics-dashboard@1.0.1 build
> next build

  ▲ Next.js 14.2.35

   Creating an optimized production build ...
 ✓ Compiled successfully
   Linting and checking validity of types ...
Failed to compile.

./app/authentication/signin/page.tsx:33:15
Type error: Parameter 'value' implicitly has an 'any' type.

[0m [90m 31 |[39m     [90m// functions will be used to validate values at corresponding key[39m[0m
[0m [90m 32 |[39m     validate[33m:[39m {[0m
[0m[31m[1m>[22m[39m[90m 33 |[39m       email[33m:[39m (value) [33m=>[39m ([35m/^\S+@\S+$/[39m[33m.[39mtest(value) [33m?[39m [36mnull[39m [33m:[39m [32m'Invalid email'[39m)[33m,[39m[0m
[0m [90m    |[39m               [31m[1m^[22m[39m[0m
[0m [90m 34 |[39m       password[33m:[39m (value) [33m=>[39m[0m
[0m [90m 35 |[39m         value [33m&&[39m value[33m?[39m[33m.[39mlength [33m<[39m [35m6[39m[0m
[0m [90m 36 |[39m           [33m?[39m [32m'Password must include at least 6 characters'[39m[0m
Next.js build worker exited with code: 1 and signal: null
